BEGIN SYMTABLE
 TYPE a : ARRAY
  START INDEX
   2
  END INDEX
   7
  TYPE
   integer
 TYPE q : ARRAY
  START INDEX
   -
    1
  END INDEX
   3
  TYPE
   boolean
 TYPE b : ARRAY
  START INDEX
   0
  END INDEX
   9
  TYPE
   float
 TYPE : boolean
 TYPE c : ARRAY
  START INDEX
   1
  END INDEX
   8
  TYPE
   char
 TYPE : char
 TYPE : integer
 TYPE : float
END SYMTABLE
