      INT_CONST	              1               0               0               1        0,000000
           PLUS	              +               0               1               0        0,000000
           PLUS	              +               0               2               0        0,000000
      INT_CONST	              2               0               3               2        0,000000
          MINUS	              -               0               4               0        0,000000
      INT_CONST	              4               0               5               4        0,000000
            EOF	            EOF               0               6               0        0,000000
